// Jest Snapshot v1, https://goo.gl/fbAQLP

exports[`hello jest 1`] = `
<a
  className="chakra-link css-0"
  href="/forum/3"
  onClick={[Function]}
>
  3
</a>
`;
